// Jest Snapshot v1, https://goo.gl/fbAQLP

exports[`Spinner it should render 1`] = `
<div
  className="SpinnerContainer SpinnerContainer-small undefined"
>
  <svg
    className="SmallSpinnerPath"
    height={30}
    viewBox="0 0 30 30"
    width={30}
  >
    <circle
      className="SpinnerPath"
      cx={15}
      cy={15}
      fill="none"
      r="11px"
      stroke="currentColor"
      strokeLinecap="round"
      strokeWidth={4}
    />
  </svg>
</div>
`;
