// Jest Snapshot v1, https://goo.gl/fbAQLP

exports[`Disclosure it should render 1`] = `
<div
  className="row mt-3"
>
  <div
    className="col"
  >
    <p
      className="text-muted small"
    >
      In order to sell life insurance, a financial professional must be a properly licensed and appointed life insurance producer.
        
      <span
        className=""
        onClick={[Function]}
        style={
          Object {
            "cursor": "pointer",
            "fontWeight": "600",
          }
        }
      >
        [ 
        More +
         ]
      </span>
    </p>
  </div>
</div>
`;
