// Jest Snapshot v1, https://goo.gl/fbAQLP

exports[`SubscribeCard it should render 1`] = `
<div
  className="container-fluid bg-light"
>
  <div
    className="row"
  >
    <div
      className="col-12"
    >
      <div
        className="m-5 align-items-center bg-white p-3"
      >
        <h5
          className="text-muted"
        >
          Get hooked up!
        </h5>
        <p
          className="lead"
        >
          Enter your email to get weekly updates.
        </p>
        <div
          className="px-3 py-4 mb-3"
        >
          <form
            onSubmit={[Function]}
          >
            <div
              className="input-group"
            >
              <input
                className="form-control"
                placeholder="Your email"
                type="email"
                value={null}
              />
              <div
                className="input-group-append"
              >
                <button
                  className="btn btn-secondary"
                  type="submit"
                >
                  Sign me up
                </button>
              </div>
            </div>
          </form>
        </div>
      </div>
    </div>
  </div>
</div>
`;
