// Jest Snapshot v1, https://goo.gl/fbAQLP

exports[`HeroVideo it should render 1`] = `
<div
  className="bg-dark"
  id="wrapper"
  style={
    Object {
      "height": "20vh",
      "position": "relative",
      "width": "100vw",
    }
  }
>
  <video
    autoPlay={true}
    loop={true}
    muted={true}
    poster="//images.ctfassets.net/uw229zq1tzc4/6mhWavUAFUGrfKwkylCPqM/c2dcbb66c2959c1fe8164cf779d3302b/home-hero-poster-image.jpg"
    preload="auto"
    style={
      Object {
        "height": "auto",
        "position": "relative",
        "width": "100vw",
        "zIndex": "0",
      }
    }
  >
    <source
      src="//videos.ctfassets.net/uw229zq1tzc4/3CYVQZf6e4EyACIEEKOaio/867dda9b5beb1b7d8f1c34261029b02a/HiRes_CC_Text_Removed.mp4"
      type="video/mp4"
    />
    <p>
      This browser does not support the video element.
    </p>
  </video>
  <div
    style={
      Object {
        "bottom": "20vw",
        "color": "white",
        "opacity": "1",
        "position": "relative",
        "textAlign": "center",
        "transform": "translate3d(0px, 0%, 0px)",
        "width": "100vw",
      }
    }
  >
    <h1>
      Engineers build business.
    </h1>
    <p>
      Accelerate velocity and release products faster with visibility into your software engineering team.
    </p>
    <div>
      <a
        className="btn btn-lg btn-outline-primary"
        href="/signup/"
      >
        Get Started
      </a>
    </div>
  </div>
</div>
`;
