// Jest Snapshot v1, https://goo.gl/fbAQLP

exports[`Video it should render 1`] = `
<video
  autoPlay={true}
  loop={true}
  muted={true}
  poster="//images.ctfassets.net/uw229zq1tzc4/6mhWavUAFUGrfKwkylCPqM/c2dcbb66c2959c1fe8164cf779d3302b/home-hero-poster-image.jpg"
  preload="auto"
  style={
    Object {
      "height": "auto",
      "width": "100vw",
    }
  }
>
  <source
    src="//videos.ctfassets.net/uw229zq1tzc4/3CYVQZf6e4EyACIEEKOaio/867dda9b5beb1b7d8f1c34261029b02a/HiRes_CC_Text_Removed.mp4"
    type="video/webm"
  />
  <source
    src="//videos.ctfassets.net/uw229zq1tzc4/3CYVQZf6e4EyACIEEKOaio/867dda9b5beb1b7d8f1c34261029b02a/HiRes_CC_Text_Removed.mp4"
    type="video/mp4"
  />
  <p>
    This browser does not support the video element.
  </p>
</video>
`;
