// Jest Snapshot v1, https://goo.gl/fbAQLP

exports[`Tabs it should render 1`] = `
Array [
  <ul
    className="nav nav-tabs nav-fill mb-4"
  >
    <li
      className="nav-item"
    >
      <div
        className="nav-link active"
        onClick={[Function]}
      >
        Tab 1
      </div>
    </li>
    <li
      className="nav-item"
    >
      <div
        className="nav-link false"
        onClick={[Function]}
      >
        Tab 2
      </div>
    </li>
    <li
      className="nav-item"
    >
      <div
        className="nav-link false"
        onClick={[Function]}
      >
        Tab 3
      </div>
    </li>
  </ul>,
  <h1
    className="display-2"
  >
    Tab 1
  </h1>,
]
`;
