// Jest Snapshot v1, https://goo.gl/fbAQLP

exports[`CookieMessageRTL it should disappear when the button is clicked 1`] = `null`;

exports[`CookieMessageRTL it should render 1`] = `
<div
  class="fixed-bottom bg-dark"
  data-testid="cookie-message"
>
  <table
    class="table table-borderless m-0"
  >
    <tbody>
      <tr>
        <td
          class="text-light"
        >
          We use cookies to understand the performance of our web site, enable social media features, and serve more relevant content to you. We may also use cookies on our and our partners’ behalf to help us manage advertising and assess the performance of our campaigns. For further information please see our 
          <a
            href="/cookiepolicy"
            title="Cookie Policy."
          >
            Cookie Policy
          </a>
          .
        </td>
        <td
          class="align-middle"
        >
          <button
            class="btn btn-light btn-sm"
          >
            I Agree
          </button>
        </td>
      </tr>
    </tbody>
  </table>
</div>
`;
